
> mimipro-testing@1.0.0 test
> node tests/run-tests.js

[35m
════════════════════════════════════════════════════════════[0m
[1m  COMPREHENSIVE APPLICATION TESTING SUITE[0m
[36m  MimiPro Admin & Employee Applications[0m
[35m════════════════════════════════════════════════════════════
[0m
[34m
============================================================[0m
[1m  SECURITY TESTING[0m
[34m============================================================[0m
[31m❌ Check for XSS vulnerabilities in error handling[0m
[33m   Found innerHTML with error messages (XSS vulnerability): 1 occurrences[0m
[36mℹ️  Firebase API key found in source code (AIzaSyDwlN...)[0m
[36mℹ️  This is acceptable for Firebase client SDK but should be protected with Security Rules[0m
[32m✅ Check for exposed Firebase API keys[0m
[31m❌ Check for insecure localStorage usage[0m
[33m   Unencrypted sensitive data in localStorage in files: ../MimiPro E/auth/employee-auth.js, ../MimiPro -admin/js/modules/employeeListing.js[0m
[31m❌ Check for weak password hashing[0m
[33m   Using SHA-256 for password hashing (should use bcrypt/argon2 with salt)[0m
[31m❌ Check for innerHTML XSS vulnerabilities in modules[0m
[33m   innerHTML with template literals found in: advances.js(2), areaListing.js(3), attendance.js(5), credits.js(5), customerListing.js(3), dashboard.js(7), delivery.js(6), employeeListing.js(2), employees.js(4), history.js(5), productListing.js(2), reports.js(3), salary.js(3), settings.js(1), stock.js(1)[0m
[31m❌ Check Content Security Policy[0m
[33m   CSP missing in employee app[0m
[31m❌ Check for proper query filtering (Firebase)[0m
[33m   Employee data filtering may be missing[0m
[32m✅ Check for hardcoded credentials[0m
[34m
============================================================[0m
[1m  FUNCTIONAL TESTING[0m
[34m============================================================[0m
[32m✅ Verify admin HTML structure[0m
[32m✅ Verify employee HTML structure[0m
[32m✅ Verify module files exist[0m
[32m✅ Verify database modules[0m
[32m✅ Verify employee pages[0m
[34m
============================================================[0m
[1m  DATA INTEGRITY TESTING[0m
[34m============================================================[0m
[31m❌ Verify sync metadata fields[0m
[33m   Missing metadata: ownerId[0m
[32m✅ Verify soft delete implementation[0m
[32m✅ Verify employee ID consistency (string type)[0m
[32m✅ Verify guard clauses for employee lookup[0m
[31m❌ Verify read-only employee access[0m
[33m   CRITICAL: Employee app can write to Firestore (should be read-only)[0m
[34m
============================================================[0m
[1m  CODE QUALITY TESTING[0m
[34m============================================================[0m
[36mℹ️  Console.log found in: dashboard.js(2) (consider removing in production)[0m
[32m✅ Check for console.log statements[0m
[32m✅ Check for proper error handling[0m
[34m
============================================================[0m
[1m  TEST SUMMARY[0m
[34m============================================================[0m
[1mTotal Tests: 20[0m
[32mPassed: 12[0m
[31mFailed: 8[0m
[36mPass Rate: 60.0%
[0m
[34m
============================================================[0m
[1m  CRITICAL ISSUES FOUND[0m
[34m============================================================[0m
[31m1. Check for XSS vulnerabilities in error handling[0m
[33m   Found innerHTML with error messages (XSS vulnerability): 1 occurrences
[0m
[31m2. Check for insecure localStorage usage[0m
[33m   Unencrypted sensitive data in localStorage in files: ../MimiPro E/auth/employee-auth.js, ../MimiPro -admin/js/modules/employeeListing.js
[0m
[31m3. Check for weak password hashing[0m
[33m   Using SHA-256 for password hashing (should use bcrypt/argon2 with salt)
[0m
[31m4. Check for innerHTML XSS vulnerabilities in modules[0m
[33m   innerHTML with template literals found in: advances.js(2), areaListing.js(3), attendance.js(5), credits.js(5), customerListing.js(3), dashboard.js(7), delivery.js(6), employeeListing.js(2), employees.js(4), history.js(5), productListing.js(2), reports.js(3), salary.js(3), settings.js(1), stock.js(1)
[0m
[31m5. Check Content Security Policy[0m
[33m   CSP missing in employee app
[0m
[31m6. Check for proper query filtering (Firebase)[0m
[33m   Employee data filtering may be missing
[0m
[31m7. Verify sync metadata fields[0m
[33m   Missing metadata: ownerId
[0m
[31m8. Verify read-only employee access[0m
[33m   CRITICAL: Employee app can write to Firestore (should be read-only)
[0m
